---
source: src/component/ical/component/timezone.rs
expression: tz.generate()
---
BEGIN:VTIMEZONE
TZID:Europe/Berlin
LAST-MODIFIED:20260124T185655Z
X-LIC-LOCATION:Europe/Berlin
X-PROLEPTIC-TZNAME:LMT
BEGIN:DAYLIGHT
DTSTART:19160430T230000
RDATE:19800406T020000
END:DAYLIGHT
BEGIN:STANDARD
DTSTART:19460101T000000
RDATE:19800101T000000
END:STANDARD
BEGIN:STANDARD
DTSTART:19800928T030000
RRULE:FREQ=YEARLY;BYMONTH=9;BYDAY=-1SU;UNTIL=19950924T010000Z
END:STANDARD
BEGIN:DAYLIGHT
DTSTART:19810329T020000
RRULE:FREQ=YEARLY;BYMONTH=3;BYDAY=-1SU
END:DAYLIGHT
BEGIN:STANDARD
DTSTART:19961027T030000
RRULE:FREQ=YEARLY;BYMONTH=10;BYDAY=-1SU
END:STANDARD
END:VTIMEZONE
