---
source: tests/mod.rs
expression: recurrence.generate()
---
BEGIN:VCALENDAR
PRODID:-//Microsoft Corporation//Outlook 16.0 MIMEDIR//EN
VERSION:2.0
METHOD:PUBLISH
X-MS-OLK-FORCEINSPECTOROPEN:TRUE
BEGIN:VEVENT
CLASS:PUBLIC
CREATED:20210511T063845Z
DESCRIPTION:Einwahldaten folgen in der Veranstaltungswoche \nSeminartitel: 
 Software-QS-Cast - Application Performance Monitoring\nDatum: 27.Mai 2021\
 nUhrzeit: 10:30 - ca.12:00 Uhr  \n \n
DTEND:20210527T100000Z
DTSTAMP:20210511T063845Z
DTSTART:20210527T083000Z
LAST-MODIFIED:20210511T063845Z
PRIORITY:5
SEQUENCE:0
SUMMARY;LANGUAGE=de:Software-QS-Cast Application Performance Monitoring
TRANSP:OPAQUE
UID:040000008200E000*************00800000000*****************00000000000000
 010000000********************************
X-MICROSOFT-CDO-BUSYSTATUS:BUSY
X-MICROSOFT-CDO-IMPORTANCE:1
X-MICROSOFT-DISALLOW-COUNTER:FALSE
X-MS-OLK-CONFTYPE:0
BEGIN:VALARM
TRIGGER:-PT15M
ACTION:DISPLAY
DESCRIPTION:Reminder
END:VALARM
END:VEVENT
END:VCALENDAR
