---
source: tests/mod.rs
expression: recurrence.generate()
---
BEGIN:VCALENDAR
VERSION:2.0
PRODID:DAVx5/4.5.10-ose ical4j/3.2.19
BEGIN:VEVENT
DTSTAMP:20260409T091506Z
UID:d4f6dfd5-981f-46d8-a962-afa42bc29d48
SUMMARY:Test_weekly
DTSTART;VALUE=DATE:20251110
STATUS:CONFIRMED
RECURRENCE-ID;VALUE=DATE:20251110
DURATION:P5D
END:VEVENT
BEGIN:VEVENT
DTSTAMP:20260409T091506Z
UID:d4f6dfd5-981f-46d8-a962-afa42bc29d48
SUMMARY:Test_weekly
DTSTART;VALUE=DATE:20251117
STATUS:CONFIRMED
RECURRENCE-ID;VALUE=DATE:20251117
DURATION:P5D
END:VEVENT
BEGIN:VEVENT
DTSTAMP:20260409T091506Z
UID:d4f6dfd5-981f-46d8-a962-afa42bc29d48
SUMMARY:Test_weekly
DTSTART;VALUE=DATE:20251124
STATUS:CONFIRMED
RECURRENCE-ID;VALUE=DATE:20251124
DURATION:P5D
END:VEVENT
BEGIN:VEVENT
DTSTAMP:20260409T091506Z
UID:d4f6dfd5-981f-46d8-a962-afa42bc29d48
SUMMARY:Test_weekly
DTSTART;VALUE=DATE:20251201
STATUS:CONFIRMED
RECURRENCE-ID;VALUE=DATE:20251201
DURATION:P5D
END:VEVENT
BEGIN:VEVENT
DTSTAMP:20260409T091506Z
UID:d4f6dfd5-981f-46d8-a962-afa42bc29d48
SUMMARY:Test_weekly
DTSTART;VALUE=DATE:20251208
STATUS:CONFIRMED
RECURRENCE-ID;VALUE=DATE:20251208
DURATION:P5D
END:VEVENT
BEGIN:VEVENT
DTSTAMP:20260409T091506Z
UID:d4f6dfd5-981f-46d8-a962-afa42bc29d48
SUMMARY:Test_weekly
DTSTART;VALUE=DATE:20251215
STATUS:CONFIRMED
RECURRENCE-ID;VALUE=DATE:20251215
DURATION:P5D
END:VEVENT
BEGIN:VEVENT
DTSTAMP:20260409T091506Z
UID:d4f6dfd5-981f-46d8-a962-afa42bc29d48
SUMMARY:Test_weekly
DTSTART;VALUE=DATE:20251222
STATUS:CONFIRMED
RECURRENCE-ID;VALUE=DATE:20251222
DURATION:P5D
END:VEVENT
BEGIN:VEVENT
DTSTAMP:20260409T091506Z
UID:d4f6dfd5-981f-46d8-a962-afa42bc29d48
SUMMARY:Test_weekly
DTSTART;VALUE=DATE:20251229
STATUS:CONFIRMED
RECURRENCE-ID;VALUE=DATE:20251229
DURATION:P5D
END:VEVENT
BEGIN:VEVENT
DTSTAMP:20260409T091506Z
UID:d4f6dfd5-981f-46d8-a962-afa42bc29d48
SUMMARY:Test_weekly
DTSTART;VALUE=DATE:20260105
STATUS:CONFIRMED
RECURRENCE-ID;VALUE=DATE:20260105
DURATION:P5D
END:VEVENT
BEGIN:VEVENT
DTSTAMP:20260409T091506Z
UID:d4f6dfd5-981f-46d8-a962-afa42bc29d48
SUMMARY:Test_weekly
DTSTART;VALUE=DATE:20260112
STATUS:CONFIRMED
RECURRENCE-ID;VALUE=DATE:20260112
DURATION:P5D
END:VEVENT
BEGIN:VEVENT
DTSTAMP:20260409T091506Z
UID:d4f6dfd5-981f-46d8-a962-afa42bc29d48
SUMMARY:Test_weekly
DTSTART;VALUE=DATE:20260119
STATUS:CONFIRMED
RECURRENCE-ID;VALUE=DATE:20260119
DURATION:P5D
END:VEVENT
BEGIN:VEVENT
DTSTAMP:20260409T091506Z
UID:d4f6dfd5-981f-46d8-a962-afa42bc29d48
SUMMARY:Test_weekly
DTSTART;VALUE=DATE:20260126
STATUS:CONFIRMED
RECURRENCE-ID;VALUE=DATE:20260126
DURATION:P5D
END:VEVENT
END:VCALENDAR
