---
source: tests/mod.rs
expression: recurrence.generate()
---
BEGIN:VCALENDAR
CALSCALE:GREGORIAN
PRODID:-//Apple Inc.//iOS 26.4//EN
VERSION:2.0
BEGIN:VTODO
CREATED:20260326T180351Z
DTSTAMP:20260326T180437Z
DTSTART;VALUE=DATE:20260326
DUE;VALUE=DATE:20260326
LAST-MODIFIED:20260326T180437Z
RRULE:FREQ=WEEKLY;UNTIL=20260430;BYDAY=SU,SA
STATUS:NEEDS-ACTION
SUMMARY:Neue Erinnerung
UID:0FA620BB-3AD9-4BDC-BF54-9DFDCDC32060
END:VTODO
END:VCALENDAR
